../Core/Src/main.c:27:6:HCSR04_Trigger	16	static
../Core/Src/main.c:35:6:Start_HCSR04	8	static
../Core/Src/main.c:43:6:HAL_TIM_IC_CaptureCallback	16	static
../Core/Src/main.c:72:6:Flash_Write	32	static
../Core/Src/main.c:81:10:Flash_Read	16	static
../Core/Src/main.c:87:6:Flash_Erase_Page	40	static
../Core/Src/main.c:102:5:main	96	static
../Core/Src/main.c:143:6:SystemClock_Config	96	static
../Core/Src/main.c:171:13:MX_TIM2_Init	40	static
../Core/Src/main.c:196:13:MX_USART2_UART_Init	8	static
../Core/Src/main.c:211:13:MX_GPIO_Init	48	static
../Core/Src/main.c:236:6:Error_Handler	4	static,ignoring_inline_asm
