Archive member included to satisfy reference by file (symbol)

C:/ST/STM32CubeIDE_1.19.0/STM32CubeIDE/plugins/com.st.stm32cube.ide.mcu.externaltools.gnu-tools-for-stm32.13.3.rel1.win32_1.0.0.202411081344/tools/bin/../lib/gcc/arm-none-eabi/13.3.1/../../../../arm-none-eabi/lib/thumb/v7e-m/nofp\libc_nano.a(libc_a-exit.o)
                              C:/ST/STM32CubeIDE_1.19.0/STM32CubeIDE/plugins/com.st.stm32cube.ide.mcu.externaltools.gnu-tools-for-stm32.13.3.rel1.win32_1.0.0.202411081344/tools/bin/../lib/gcc/arm-none-eabi/13.3.1/../../../../arm-none-eabi/lib/thumb/v7e-m/nofp/crt0.o (exit)
C:/ST/STM32CubeIDE_1.19.0/STM32CubeIDE/plugins/com.st.stm32cube.ide.mcu.externaltools.gnu-tools-for-stm32.13.3.rel1.win32_1.0.0.202411081344/tools/bin/../lib/gcc/arm-none-eabi/13.3.1/../../../../arm-none-eabi/lib/thumb/v7e-m/nofp\libc_nano.a(libc_a-malloc.o)
                              ./drivers/src/stm32l4xx_i2c_driver.o (malloc)
C:/ST/STM32CubeIDE_1.19.0/STM32CubeIDE/plugins/com.st.stm32cube.ide.mcu.externaltools.gnu-tools-for-stm32.13.3.rel1.win32_1.0.0.202411081344/tools/bin/../lib/gcc/arm-none-eabi/13.3.1/../../../../arm-none-eabi/lib/thumb/v7e-m/nofp\libc_nano.a(libc_a-mallocr.o)
                              C:/ST/STM32CubeIDE_1.19.0/STM32CubeIDE/plugins/com.st.stm32cube.ide.mcu.externaltools.gnu-tools-for-stm32.13.3.rel1.win32_1.0.0.202411081344/tools/bin/../lib/gcc/arm-none-eabi/13.3.1/../../../../arm-none-eabi/lib/thumb/v7e-m/nofp\libc_nano.a(libc_a-malloc.o) (_malloc_r)
C:/ST/STM32CubeIDE_1.19.0/STM32CubeIDE/plugins/com.st.stm32cube.ide.mcu.externaltools.gnu-tools-for-stm32.13.3.rel1.win32_1.0.0.202411081344/tools/bin/../lib/gcc/arm-none-eabi/13.3.1/../../../../arm-none-eabi/lib/thumb/v7e-m/nofp\libc_nano.a(libc_a-mlock.o)
                              C:/ST/STM32CubeIDE_1.19.0/STM32CubeIDE/plugins/com.st.stm32cube.ide.mcu.externaltools.gnu-tools-for-stm32.13.3.rel1.win32_1.0.0.202411081344/tools/bin/../lib/gcc/arm-none-eabi/13.3.1/../../../../arm-none-eabi/lib/thumb/v7e-m/nofp\libc_nano.a(libc_a-mallocr.o) (__malloc_lock)
C:/ST/STM32CubeIDE_1.19.0/STM32CubeIDE/plugins/com.st.stm32cube.ide.mcu.externaltools.gnu-tools-for-stm32.13.3.rel1.win32_1.0.0.202411081344/tools/bin/../lib/gcc/arm-none-eabi/13.3.1/../../../../arm-none-eabi/lib/thumb/v7e-m/nofp\libc_nano.a(libc_a-findfp.o)
                              C:/ST/STM32CubeIDE_1.19.0/STM32CubeIDE/plugins/com.st.stm32cube.ide.mcu.externaltools.gnu-tools-for-stm32.13.3.rel1.win32_1.0.0.202411081344/tools/bin/../lib/gcc/arm-none-eabi/13.3.1/../../../../arm-none-eabi/lib/thumb/v7e-m/nofp\libc_nano.a(libc_a-exit.o) (__stdio_exit_handler)
C:/ST/STM32CubeIDE_1.19.0/STM32CubeIDE/plugins/com.st.stm32cube.ide.mcu.externaltools.gnu-tools-for-stm32.13.3.rel1.win32_1.0.0.202411081344/tools/bin/../lib/gcc/arm-none-eabi/13.3.1/../../../../arm-none-eabi/lib/thumb/v7e-m/nofp\libc_nano.a(libc_a-fwalk.o)
                              C:/ST/STM32CubeIDE_1.19.0/STM32CubeIDE/plugins/com.st.stm32cube.ide.mcu.externaltools.gnu-tools-for-stm32.13.3.rel1.win32_1.0.0.202411081344/tools/bin/../lib/gcc/arm-none-eabi/13.3.1/../../../../arm-none-eabi/lib/thumb/v7e-m/nofp\libc_nano.a(libc_a-findfp.o) (_fwalk_sglue)
C:/ST/STM32CubeIDE_1.19.0/STM32CubeIDE/plugins/com.st.stm32cube.ide.mcu.externaltools.gnu-tools-for-stm32.13.3.rel1.win32_1.0.0.202411081344/tools/bin/../lib/gcc/arm-none-eabi/13.3.1/../../../../arm-none-eabi/lib/thumb/v7e-m/nofp\libc_nano.a(libc_a-stdio.o)
                              C:/ST/STM32CubeIDE_1.19.0/STM32CubeIDE/plugins/com.st.stm32cube.ide.mcu.externaltools.gnu-tools-for-stm32.13.3.rel1.win32_1.0.0.202411081344/tools/bin/../lib/gcc/arm-none-eabi/13.3.1/../../../../arm-none-eabi/lib/thumb/v7e-m/nofp\libc_nano.a(libc_a-findfp.o) (__sread)
C:/ST/STM32CubeIDE_1.19.0/STM32CubeIDE/plugins/com.st.stm32cube.ide.mcu.externaltools.gnu-tools-for-stm32.13.3.rel1.win32_1.0.0.202411081344/tools/bin/../lib/gcc/arm-none-eabi/13.3.1/../../../../arm-none-eabi/lib/thumb/v7e-m/nofp\libc_nano.a(libc_a-memset.o)
                              C:/ST/STM32CubeIDE_1.19.0/STM32CubeIDE/plugins/com.st.stm32cube.ide.mcu.externaltools.gnu-tools-for-stm32.13.3.rel1.win32_1.0.0.202411081344/tools/bin/../lib/gcc/arm-none-eabi/13.3.1/../../../../arm-none-eabi/lib/thumb/v7e-m/nofp/crt0.o (memset)
C:/ST/STM32CubeIDE_1.19.0/STM32CubeIDE/plugins/com.st.stm32cube.ide.mcu.externaltools.gnu-tools-for-stm32.13.3.rel1.win32_1.0.0.202411081344/tools/bin/../lib/gcc/arm-none-eabi/13.3.1/../../../../arm-none-eabi/lib/thumb/v7e-m/nofp\libc_nano.a(libc_a-closer.o)
                              C:/ST/STM32CubeIDE_1.19.0/STM32CubeIDE/plugins/com.st.stm32cube.ide.mcu.externaltools.gnu-tools-for-stm32.13.3.rel1.win32_1.0.0.202411081344/tools/bin/../lib/gcc/arm-none-eabi/13.3.1/../../../../arm-none-eabi/lib/thumb/v7e-m/nofp\libc_nano.a(libc_a-stdio.o) (_close_r)
[...]
Memory Configuration

Name             Origin             Length             Attributes
RAM              0x20000000         0x00018000         xrw
SRAM2            0x10000000         0x00008000         xrw
FLASH            0x08000000         0x00100000         xr
*default*        0x00000000         0xffffffff

Linker script and memory map

LOAD C:/ST/STM32CubeIDE_1.19.0/STM32CubeIDE/plugins/com.st.stm32cube.ide.mcu.externaltools.gnu-tools-for-stm32.13.3.rel1.win32_1.0.0.202411081344/tools/bin/../lib/gcc/arm-none-eabi/13.3.1/thumb/v7e-m/nofp/crti.o
LOAD C:/ST/STM32CubeIDE_1.19.0/STM32CubeIDE/plugins/com.st.stm32cube.ide.mcu.externaltools.gnu-tools-for-stm32.13.3.rel1.win32_1.0.0.202411081344/tools/bin/../lib/gcc/arm-none-eabi/13.3.1/thumb/v7e-m/nofp/crtbegin.o
LOAD C:/ST/STM32CubeIDE_1.19.0/STM32CubeIDE/plugins/com.st.stm32cube.ide.mcu.externaltools.gnu-tools-for-stm32.13.3.rel1.win32_1.0.0.202411081344/tools/bin/../lib/gcc/arm-none-eabi/13.3.1/../../../../arm-none-eabi/lib/thumb/v7e-m/nofp/crt0.o
LOAD ./Src/main.o
LOAD ./Src/syscalls.o
LOAD ./Src/sysmem.o
LOAD ./Startup/startup_stm32l476rgtx.o
LOAD ./drivers/src/stm32l4xx_gpio_driver.o
LOAD ./drivers/src/stm32l4xx_i2c_driver.o
LOAD ./drivers/src/stm32l4xx_spi_driver.o
LOAD ./drivers/src/stm32l4xx_systick_driver.o
LOAD ./drivers/src/stm32l4xx_usart_driver.o
START GROUP
LOAD C:/ST/STM32CubeIDE_1.19.0/STM32CubeIDE/plugins/com.st.stm32cube.ide.mcu.externaltools.gnu-tools-for-stm32.13.3.rel1.win32_1.0.0.202411081344/tools/bin/../lib/gcc/arm-none-eabi/13.3.1/../../../../arm-none-eabi/lib/thumb/v7e-m/nofp\libc_nano.a
LOAD C:/ST/STM32CubeIDE_1.19.0/STM32CubeIDE/plugins/com.st.stm32cube.ide.mcu.externaltools.gnu-tools-for-stm32.13.3.rel1.win32_1.0.0.202411081344/tools/bin/../lib/gcc/arm-none-eabi/13.3.1/../../../../arm-none-eabi/lib/thumb/v7e-m/nofp\libm.a
END GROUP
START GROUP
LOAD C:/ST/STM32CubeIDE_1.19.0/STM32CubeIDE/plugins/com.st.stm32cube.ide.mcu.externaltools.gnu-tools-for-stm32.13.3.rel1.win32_1.0.0.202411081344/tools/bin/../lib/gcc/arm-none-eabi/13.3.1/thumb/v7e-m/nofp\libgcc.a
LOAD C:/ST/STM32CubeIDE_1.19.0/STM32CubeIDE/plugins/com.st.stm32cube.ide.mcu.externaltools.gnu-tools-for-stm32.13.3.rel1.win32_1.0.0.202411081344/tools/bin/../lib/gcc/arm-none-eabi/13.3.1/../../../../arm-none-eabi/lib/thumb/v7e-m/nofp\libc_nano.a
END GROUP
START GROUP
LOAD C:/ST/STM32CubeIDE_1.19.0/STM32CubeIDE/plugins/com.st.stm32cube.ide.mcu.externaltools.gnu-tools-for-stm32.13.3.rel1.win32_1.0.0.202411081344/tools/bin/../lib/gcc/arm-none-eabi/13.3.1/thumb/v7e-m/nofp\libgcc.a
LOAD C:/ST/STM32CubeIDE_1.19.0/STM32CubeIDE/plugins/com.st.stm32cube.ide.mcu.externaltools.gnu-tools-for-stm32.13.3.rel1.win32_1.0.0.202411081344/tools/bin/../lib/gcc/arm-none-eabi/13.3.1/../../../../arm-none-eabi/lib/thumb/v7e-m/nofp\libc_nano.a
LOAD C:/ST/STM32CubeIDE_1.19.0/STM32CubeIDE/plugins/com.st.stm32cube.ide.mcu.externaltools.gnu-tools-for-stm32.13.3.rel1.win32_1.0.0.202411081344/tools/bin/../lib/gcc/arm-none-eabi/13.3.1/../../../../arm-none-eabi/lib/thumb/v7e-m/nofp\libnosys.a
END GROUP
START GROUP
LOAD C:/ST/STM32CubeIDE_1.19.0/STM32CubeIDE/plugins/com.st.stm32cube.ide.mcu.externaltools.gnu-tools-for-stm32.13.3.rel1.win32_1.0.0.202411081344/tools/bin/../lib/gcc/arm-none-eabi/13.3.1/thumb/v7e-m/nofp\libgcc.a
LOAD C:/ST/STM32CubeIDE_1.19.0/STM32CubeIDE/plugins/com.st.stm32cube.ide.mcu.externaltools.gnu-tools-for-stm32.13.3.rel1.win32_1.0.0.202411081344/tools/bin/../lib/gcc/arm-none-eabi/13.3.1/../../../../arm-none-eabi/lib/thumb/v7e-m/nofp\libc_nano.a
LOAD C:/ST/STM32CubeIDE_1.19.0/STM32CubeIDE/plugins/com.st.stm32cube.ide.mcu.externaltools.gnu-tools-for-stm32.13.3.rel1.win32_1.0.0.202411081344/tools/bin/../lib/gcc/arm-none-eabi/13.3.1/../../../../arm-none-eabi/lib/thumb/v7e-m/nofp\libnosys.a
END GROUP
LOAD C:/ST/STM32CubeIDE_1.19.0/STM32CubeIDE/plugins/com.st.stm32cube.ide.mcu.externaltools.gnu-tools-for-stm32.13.3.rel1.win32_1.0.0.202411081344/tools/bin/../lib/gcc/arm-none-eabi/13.3.1/thumb/v7e-m/nofp/crtend.o
LOAD C:/ST/STM32CubeIDE_1.19.0/STM32CubeIDE/plugins/com.st.stm32cube.ide.mcu.externaltools.gnu-tools-for-stm32.13.3.rel1.win32_1.0.0.202411081344/tools/bin/../lib/gcc/arm-none-eabi/13.3.1/thumb/v7e-m/nofp/crtn.o
                0x20018000                        _estack = (ORIGIN (RAM) + LENGTH (RAM))
                0x00000200                        _Min_Heap_Size = 0x200
                0x00000400                        _Min_Stack_Size = 0x400

.isr_vector     0x08000000      0x18c
                0x08000000                        . = ALIGN (0x4)
 *(.isr_vector)
 .isr_vector    0x08000000      0x18c ./Startup/startup_stm32l476rgtx.o
                0x08000000                g_pfnVectors
                0x0800018c                        . = ALIGN (0x4)

.text           0x0800018c      0x6e0
                0x0800018c                        . = ALIGN (0x4)
 *(.text)
 .text          0x0800018c       0x40 C:/ST/STM32CubeIDE_1.19.0/STM32CubeIDE/plugins/com.st.stm32cube.ide.mcu.externaltools.gnu-tools-for-stm32.13.3.rel1.win32_1.0.0.202411081344/tools/bin/../lib/gcc/arm-none-eabi/13.3.1/thumb/v7e-m/nofp/crtbegin.o
 *(.text*)
 .text.main     0x080001cc       0x54 ./Src/main.o
                0x080001cc                main
 .text.Reset_Handler
                0x08000220       0x50 ./Startup/startup_stm32l476rgtx.o
                0x08000220                Reset_Handler
 .text.Default_Handler
                0x08000270        0x2 ./Startup/startup_stm32l476rgtx.o
                0x08000270                EXTI2_IRQHandler
                0x08000270                TIM8_TRG_COM_IRQHandler
                0x08000270                TIM8_CC_IRQHandler
                0x08000270                DebugMon_Handler
                0x08000270                DMA1_CH4_IRQHandler
                0x08000270                TIM1_CC_IRQHandler
                0x08000270                TSC_IRQHandler
                0x08000270                HardFault_Handler
                0x08000270                SysTick_Handler
                0x08000270                TAMP_STAMP_IRQHandler
                0x08000270                PendSV_Handler
                0x08000270                NMI_Handler
                0x08000270                EXTI3_IRQHandler
                0x08000270                LPTIM2_IRQHandler
                0x08000270                DFSDM1_FLT1_IRQHandler
                0x08000270                I2C3_ER_IRQHandler
                0x08000270                DFSDM1_FLT2_IRQHandler
                0x08000270                TIM6_DACUNDER_IRQHandler
                0x08000270                EXTI0_IRQHandler
                0x08000270                I2C2_EV_IRQHandler
                0x08000270                DMA2_CH1_IRQHandler
                0x08000270                CAN1_RX0_IRQHandler
                0x08000270                FPU_IRQHandler
                0x08000270                TIM1_UP_TIM16_IRQHandler
                0x08000270                DMA2_CH7_IRQHandler
                0x08000270                UsageFault_Handler
                0x08000270                ADC1_2_IRQHandler
                0x08000270                SPI1_IRQHandler
                0x08000270                DMA1_CH7_IRQHandler
                0x08000270                TIM8_UP_IRQHandler
                0x08000270                RTC_ALARM_IRQHandler
                0x08000270                SAI2_IRQHandler
                0x08000270                DFSDM1_FLT3_IRQHandler
                0x08000270                DMA1_CH6_IRQHandler
                0x08000270                USART3_IRQHandler
                0x08000270                CAN1_RX1_IRQHandler
                0x08000270                LCD_IRQHandler
                0x08000270                UART5_IRQHandler
                0x08000270                ADC3_IRQHandler
                0x08000270                TIM4_IRQHandler
                0x08000270                QUADSPI_IRQHandler
                0x08000270                I2C1_EV_IRQHandler
                0x08000270                DMA2_CH5_IRQHandler
                0x08000270                UART4_IRQHandler
                0x08000270                DMA1_CH3_IRQHandler
                0x08000270                TIM3_IRQHandler
                0x08000270                RCC_IRQHandler
                0x08000270                Default_Handler
                0x08000270                EXTI15_10_IRQHandler
                0x08000270                TIM7_IRQHandler
                0x08000270                SDMMC1_IRQHandler
                0x08000270                TIM5_IRQHandler
                0x08000270                I2C3_EV_IRQHandler
                0x08000270                EXTI9_5_IRQHandler
                0x08000270                DMA1_CH2_IRQHandler
                0x08000270                RTC_WKUP_IRQHandler
                0x08000270                PVD_PVM_IRQHandler
                0x08000270                SPI2_IRQHandler
                0x08000270                DMA1_CH1_IRQHandler
                0x08000270                MemManage_Handler
                0x08000270                CAN1_TX_IRQHandler
                0x08000270                SVC_Handler
                0x08000270                CRS_IRQHandler
                0x08000270                EXTI4_IRQHandler
                0x08000270                RNG_IRQHandler
                0x08000270                TIM1_TRG_COM_TIM17_IRQHandler
                0x08000270                COMP_IRQHandler
                0x08000270                WWDG_IRQHandler
                0x08000270                LPUART1_IRQHandler
                0x08000270                TIM2_IRQHandler
                0x08000270                EXTI1_IRQHandler
                0x08000270                USART2_IRQHandler
                0x08000270                DFSDM1_FLT0_IRQHandler
                0x08000270                I2C2_ER_IRQHandler
                0x08000270                TIM8_BRK_IRQHandler
                0x08000270                CAN1_SCE_IRQHandler
                0x08000270                FLASH_IRQHandler
                0x08000270                BusFault_Handler
                0x08000270                USART1_IRQHandler
                0x08000270                OTG_FS_IRQHandler
                0x08000270                SPI3_IRQHandler
                0x08000270                DMA2_CH6_IRQHandler
                0x08000270                DMA2_CH3_IRQHandler
                0x08000270                DMA2_CH2_IRQHandler
                0x08000270                I2C1_ER_IRQHandler
                0x08000270                FMC_IRQHandler
                0x08000270                DMA1_CH5_IRQHandler
                0x08000270                DMA2_CH4_IRQHandler
                0x08000270                SWPMI1_IRQHandler
                0x08000270                LPTIM1_IRQHandler
                0x08000270                SAI1_IRQHandler
                0x08000270                TIM1_BRK_TIM15_IRQHandler
 *fill*         0x08000272        0x2 
 .text.GPIO_PeriClockControl
                0x08000274      0x19c ./drivers/src/stm32l4xx_gpio_driver.o
                0x08000274                GPIO_PeriClockControl
 .text.GPIO_Init
                0x08000410      0x370 ./drivers/src/stm32l4xx_gpio_driver.o
                0x08000410                GPIO_Init
 .text.GPIO_ToggleOutputPin
                0x08000780       0x28 ./drivers/src/stm32l4xx_gpio_driver.o
                0x08000780                GPIO_ToggleOutputPin
 .text.systickDelayMs
                0x080007a8       0x54 ./drivers/src/stm32l4xx_systick_driver.o
                0x080007a8                systickDelayMs
 .text.memset   0x080007fc       0x10 C:/ST/STM32CubeIDE_1.19.0/STM32CubeIDE/plugins/com.st.stm32cube.ide.mcu.externaltools.gnu-tools-for-stm32.13.3.rel1.win32_1.0.0.202411081344/tools/bin/../lib/gcc/arm-none-eabi/13.3.1/../../../../arm-none-eabi/lib/thumb/v7e-m/nofp\libc_nano.a(libc_a-memset.o)
                0x080007fc                memset
 .text.__libc_init_array
                0x0800080c       0x48 C:/ST/STM32CubeIDE_1.19.0/STM32CubeIDE/plugins/com.st.stm32cube.ide.mcu.externaltools.gnu-tools-for-stm32.13.3.rel1.win32_1.0.0.202411081344/tools/bin/../lib/gcc/arm-none-eabi/13.3.1/../../../../arm-none-eabi/lib/thumb/v7e-m/nofp\libc_nano.a(libc_a-init.o)
                0x0800080c                __libc_init_array
 *(.glue_7)
 .glue_7        0x08000854        0x0 linker stubs
 *(.glue_7t)
 .glue_7t       0x08000854        0x0 linker stubs
 *(.eh_frame)
 .eh_frame      0x08000854        0x0 C:/ST/STM32CubeIDE_1.19.0/STM32CubeIDE/plugins/com.st.stm32cube.ide.mcu.externaltools.gnu-tools-for-stm32.13.3.rel1.win32_1.0.0.202411081344/tools/bin/../lib/gcc/arm-none-eabi/13.3.1/thumb/v7e-m/nofp/crtbegin.o
 *(.init)
 .init          0x08000854        0x4 C:/ST/STM32CubeIDE_1.19.0/STM32CubeIDE/plugins/com.st.stm32cube.ide.mcu.externaltools.gnu-tools-for-stm32.13.3.rel1.win32_1.0.0.202411081344/tools/bin/../lib/gcc/arm-none-eabi/13.3.1/thumb/v7e-m/nofp/crti.o
                0x08000854                _init
 .init          0x08000858        0x8 C:/ST/STM32CubeIDE_1.19.0/STM32CubeIDE/plugins/com.st.stm32cube.ide.mcu.externaltools.gnu-tools-for-stm32.13.3.rel1.win32_1.0.0.202411081344/tools/bin/../lib/gcc/arm-none-eabi/13.3.1/thumb/v7e-m/nofp/crtn.o
 *(.fini)
 .fini          0x08000860        0x4 C:/ST/STM32CubeIDE_1.19.0/STM32CubeIDE/plugins/com.st.stm32cube.ide.mcu.externaltools.gnu-tools-for-stm32.13.3.rel1.win32_1.0.0.202411081344/tools/bin/../lib/gcc/arm-none-eabi/13.3.1/thumb/v7e-m/nofp/crti.o
                0x08000860                _fini
 .fini          0x08000864        0x8 C:/ST/STM32CubeIDE_1.19.0/STM32CubeIDE/plugins/com.st.stm32cube.ide.mcu.externaltools.gnu-tools-for-stm32.13.3.rel1.win32_1.0.0.202411081344/tools/bin/../lib/gcc/arm-none-eabi/13.3.1/thumb/v7e-m/nofp/crtn.o
                0x0800086c                        . = ALIGN (0x4)
                0x0800086c                        _etext = .

.vfp11_veneer   0x0800086c        0x0
 .vfp11_veneer  0x0800086c        0x0 linker stubs

.v4_bx          0x0800086c        0x0
 .v4_bx         0x0800086c        0x0 linker stubs

.iplt           0x0800086c        0x0
 .iplt          0x0800086c        0x0 C:/ST/STM32CubeIDE_1.19.0/STM32CubeIDE/plugins/com.st.stm32cube.ide.mcu.externaltools.gnu-tools-for-stm32.13.3.rel1.win32_1.0.0.202411081344/tools/bin/../lib/gcc/arm-none-eabi/13.3.1/thumb/v7e-m/nofp/crtbegin.o

.rodata         0x0800086c        0x0
                0x0800086c                        . = ALIGN (0x4)
 *(.rodata)
 *(.rodata*)
                0x0800086c                        . = ALIGN (0x4)

.ARM.extab      0x0800086c        0x0
                0x0800086c                        . = ALIGN (0x4)
 *(.ARM.extab* .gnu.linkonce.armextab.*)
                0x0800086c                        . = ALIGN (0x4)

.ARM            0x0800086c        0x0
                0x0800086c                        . = ALIGN (0x4)
                0x0800086c                        __exidx_start = .
 *(.ARM.exidx*)
                0x0800086c                        __exidx_end = .
                0x0800086c                        . = ALIGN (0x4)

.preinit_array  0x0800086c        0x0
                0x0800086c                        . = ALIGN (0x4)
                0x0800086c                        PROVIDE (__preinit_array_start = .)
 *(.preinit_array*)
                0x0800086c                        PROVIDE (__preinit_array_end = .)
                0x0800086c                        . = ALIGN (0x4)

.init_array     0x0800086c        0x4
                0x0800086c                        . = ALIGN (0x4)
                0x0800086c                        PROVIDE (__init_array_start = .)
 *(SORT_BY_NAME(.init_array.*))
 *(.init_array*)
 .init_array    0x0800086c        0x4 C:/ST/STM32CubeIDE_1.19.0/STM32CubeIDE/plugins/com.st.stm32cube.ide.mcu.externaltools.gnu-tools-for-stm32.13.3.rel1.win32_1.0.0.202411081344/tools/bin/../lib/gcc/arm-none-eabi/13.3.1/thumb/v7e-m/nofp/crtbegin.o
                0x08000870                        PROVIDE (__init_array_end = .)
                0x08000870                        . = ALIGN (0x4)

.fini_array     0x08000870        0x4
                0x08000870                        . = ALIGN (0x4)
                [!provide]                        PROVIDE (__fini_array_start = .)
 *(SORT_BY_NAME(.fini_array.*))
 *(.fini_array*)
 .fini_array    0x08000870        0x4 C:/ST/STM32CubeIDE_1.19.0/STM32CubeIDE/plugins/com.st.stm32cube.ide.mcu.externaltools.gnu-tools-for-stm32.13.3.rel1.win32_1.0.0.202411081344/tools/bin/../lib/gcc/arm-none-eabi/13.3.1/thumb/v7e-m/nofp/crtbegin.o
                [!provide]                        PROVIDE (__fini_array_end = .)
                0x08000874                        . = ALIGN (0x4)
                0x08000874                        _sidata = LOADADDR (.data)

.rel.dyn        0x08000874        0x0
 .rel.iplt      0x08000874        0x0 C:/ST/STM32CubeIDE_1.19.0/STM32CubeIDE/plugins/com.st.stm32cube.ide.mcu.externaltools.gnu-tools-for-stm32.13.3.rel1.win32_1.0.0.202411081344/tools/bin/../lib/gcc/arm-none-eabi/13.3.1/thumb/v7e-m/nofp/crtbegin.o

.data           0x20000000        0x0 load address 0x08000874
                0x20000000                        . = ALIGN (0x4)
                0x20000000                        _sdata = .
 *(.data)
 *(.data*)
 *(.RamFunc)
 *(.RamFunc*)
                0x20000000                        . = ALIGN (0x4)
                0x20000000                        _edata = .
                0x08000874                        _sisram2 = LOADADDR (.sram2)

.igot.plt       0x20000000        0x0 load address 0x08000874
 .igot.plt      0x20000000        0x0 C:/ST/STM32CubeIDE_1.19.0/STM32CubeIDE/plugins/com.st.stm32cube.ide.mcu.externaltools.gnu-tools-for-stm32.13.3.rel1.win32_1.0.0.202411081344/tools/bin/../lib/gcc/arm-none-eabi/13.3.1/thumb/v7e-m/nofp/crtbegin.o

.sram2          0x10000000        0x0 load address 0x08000874
                0x10000000                        . = ALIGN (0x4)
                0x10000000                        _ssram2 = .
 *(.sram2)
 *(.sram2*)
                0x10000000                        . = ALIGN (0x4)
                0x10000000                        _esram2 = .
                0x10000000                        . = ALIGN (0x4)

.bss            0x20000000       0x1c
                0x20000000                        _sbss = .
                0x20000000                        __bss_start__ = _sbss
 *(.bss)
 .bss           0x20000000       0x1c C:/ST/STM32CubeIDE_1.19.0/STM32CubeIDE/plugins/com.st.stm32cube.ide.mcu.externaltools.gnu-tools-for-stm32.13.3.rel1.win32_1.0.0.202411081344/tools/bin/../lib/gcc/arm-none-eabi/13.3.1/thumb/v7e-m/nofp/crtbegin.o
 *(.bss*)
 *(COMMON)
                0x2000001c                        . = ALIGN (0x4)
                0x2000001c                        _ebss = .
                0x2000001c                        __bss_end__ = _ebss

._user_heap_stack
                0x2000001c      0x604
                0x20000020                        . = ALIGN (0x8)
 *fill*         0x2000001c        0x4 
                [!provide]                        PROVIDE (end = .)
                0x20000020                        PROVIDE (_end = .)
                0x20000220                        . = (. + _Min_Heap_Size)
 *fill*         0x20000020      0x200 
                0x20000620                        . = (. + _Min_Stack_Size)
 *fill*         0x20000220      0x400 
                0x20000620                        . = ALIGN (0x8)

/DISCARD/
 libc.a(*)
 libm.a(*)
 libgcc.a(*)

.ARM.attributes
                0x00000000       0x2a
 *(.ARM.attributes)
 .ARM.attributes
                0x00000000       0x1e C:/ST/STM32CubeIDE_1.19.0/STM32CubeIDE/plugins/com.st.stm32cube.ide.mcu.externaltools.gnu-tools-for-stm32.13.3.rel1.win32_1.0.0.202411081344/tools/bin/../lib/gcc/arm-none-eabi/13.3.1/thumb/v7e-m/nofp/crti.o
 .ARM.attributes
                0x0000001e       0x2e C:/ST/STM32CubeIDE_1.19.0/STM32CubeIDE/plugins/com.st.stm32cube.ide.mcu.externaltools.gnu-tools-for-stm32.13.3.rel1.win32_1.0.0.202411081344/tools/bin/../lib/gcc/arm-none-eabi/13.3.1/thumb/v7e-m/nofp/crtbegin.o
 .ARM.attributes
                0x0000004c       0x2e ./Src/main.o
 .ARM.attributes
                0x0000007a       0x21 ./Startup/startup_stm32l476rgtx.o
 .ARM.attributes
                0x0000009b       0x2e ./drivers/src/stm32l4xx_gpio_driver.o
 .ARM.attributes
                0x000000c9       0x2e ./drivers/src/stm32l4xx_systick_driver.o
 .ARM.attributes
                0x000000f7       0x2e C:/ST/STM32CubeIDE_1.19.0/STM32CubeIDE/plugins/com.st.stm32cube.ide.mcu.externaltools.gnu-tools-for-stm32.13.3.rel1.win32_1.0.0.202411081344/tools/bin/../lib/gcc/arm-none-eabi/13.3.1/../../../../arm-none-eabi/lib/thumb/v7e-m/nofp\libc_nano.a(libc_a-memset.o)
 .ARM.attributes
                0x00000125       0x2e C:/ST/STM32CubeIDE_1.19.0/STM32CubeIDE/plugins/com.st.stm32cube.ide.mcu.externaltools.gnu-tools-for-stm32.13.3.rel1.win32_1.0.0.202411081344/tools/bin/../lib/gcc/arm-none-eabi/13.3.1/../../../../arm-none-eabi/lib/thumb/v7e-m/nofp\libc_nano.a(libc_a-init.o)
 .ARM.attributes
                0x00000153       0x1e C:/ST/STM32CubeIDE_1.19.0/STM32CubeIDE/plugins/com.st.stm32cube.ide.mcu.externaltools.gnu-tools-for-stm32.13.3.rel1.win32_1.0.0.202411081344/tools/bin/../lib/gcc/arm-none-eabi/13.3.1/thumb/v7e-m/nofp/crtn.o
OUTPUT(Timer.elf elf32-littlearm)
LOAD linker stubs
LOAD C:/ST/STM32CubeIDE_1.19.0/STM32CubeIDE/plugins/com.st.stm32cube.ide.mcu.externaltools.gnu-tools-for-stm32.13.3.rel1.win32_1.0.0.202411081344/tools/bin/../lib/gcc/arm-none-eabi/13.3.1/../../../../arm-none-eabi/lib/thumb/v7e-m/nofp\libc.a
LOAD C:/ST/STM32CubeIDE_1.19.0/STM32CubeIDE/plugins/com.st.stm32cube.ide.mcu.externaltools.gnu-tools-for-stm32.13.3.rel1.win32_1.0.0.202411081344/tools/bin/../lib/gcc/arm-none-eabi/13.3.1/../../../../arm-none-eabi/lib/thumb/v7e-m/nofp\libm.a
LOAD C:/ST/STM32CubeIDE_1.19.0/STM32CubeIDE/plugins/com.st.stm32cube.ide.mcu.externaltools.gnu-tools-for-stm32.13.3.rel1.win32_1.0.0.202411081344/tools/bin/../lib/gcc/arm-none-eabi/13.3.1/thumb/v7e-m/nofp\libgcc.a

.debug_info     0x00000000      0xc2e
 .debug_info    0x00000000      0x2a3 ./Src/main.o
 .debug_info    0x000002a3       0x30 ./Startup/startup_stm32l476rgtx.o
 .debug_info    0x000002d3      0x83c ./drivers/src/stm32l4xx_gpio_driver.o
 .debug_info    0x00000b0f      0x11f ./drivers/src/stm32l4xx_systick_driver.o

.debug_abbrev   0x00000000      0x344
 .debug_abbrev  0x00000000       0xf7 ./Src/main.o
 .debug_abbrev  0x000000f7       0x24 ./Startup/startup_stm32l476rgtx.o
 .debug_abbrev  0x0000011b      0x161 ./drivers/src/stm32l4xx_gpio_driver.o
 .debug_abbrev  0x0000027c       0xc8 ./drivers/src/stm32l4xx_systick_driver.o

.debug_aranges  0x00000000       0xd8
 .debug_aranges
                0x00000000       0x20 ./Src/main.o
 .debug_aranges
                0x00000020       0x28 ./Startup/startup_stm32l476rgtx.o
 .debug_aranges
                0x00000048       0x70 ./drivers/src/stm32l4xx_gpio_driver.o
 .debug_aranges
                0x000000b8       0x20 ./drivers/src/stm32l4xx_systick_driver.o

.debug_rnglists
                0x00000000       0x92
 .debug_rnglists
                0x00000000       0x13 ./Src/main.o
 .debug_rnglists
                0x00000013       0x19 ./Startup/startup_stm32l476rgtx.o
 .debug_rnglists
                0x0000002c       0x53 ./drivers/src/stm32l4xx_gpio_driver.o
 .debug_rnglists
                0x0000007f       0x13 ./drivers/src/stm32l4xx_systick_driver.o

.debug_macro    0x00000000     0x29cf
 .debug_macro   0x00000000      0x1d3 ./Src/main.o
 .debug_macro   0x000001d3      0xad8 ./Src/main.o
 .debug_macro   0x00000cab       0x22 ./Src/main.o
 .debug_macro   0x00000ccd       0x8e ./Src/main.o
 .debug_macro   0x00000d5b       0x51 ./Src/main.o
 .debug_macro   0x00000dac      0x103 ./Src/main.o
 .debug_macro   0x00000eaf       0x6a ./Src/main.o
 .debug_macro   0x00000f19      0x1df ./Src/main.o
 .debug_macro   0x000010f8      0x190 ./Src/main.o
 .debug_macro   0x00001288      0x630 ./Src/main.o
 .debug_macro   0x000018b8      0x115 ./Src/main.o
 .debug_macro   0x000019cd       0xca ./Src/main.o
 .debug_macro   0x00001a97       0xc4 ./Src/main.o
 .debug_macro   0x00001b5b       0x24 ./Src/main.o
 .debug_macro   0x00001b7f       0x61 ./Src/main.o
 .debug_macro   0x00001be0       0x43 ./Src/main.o
 .debug_macro   0x00001c23       0x34 ./Src/main.o
 .debug_macro   0x00001c57       0x16 ./Src/main.o
 .debug_macro   0x00001c6d       0x3c ./Src/main.o
 .debug_macro   0x00001ca9      0x370 ./Src/main.o
 .debug_macro   0x00002019       0x16 ./Src/main.o
 .debug_macro   0x0000202f       0x4a ./Src/main.o
 .debug_macro   0x00002079       0x34 ./Src/main.o
 .debug_macro   0x000020ad       0x10 ./Src/main.o
 .debug_macro   0x000020bd       0x58 ./Src/main.o
 .debug_macro   0x00002115       0x8e ./Src/main.o
 .debug_macro   0x000021a3       0x1c ./Src/main.o
 .debug_macro   0x000021bf      0x185 ./Src/main.o
 .debug_macro   0x00002344       0x16 ./Src/main.o
 .debug_macro   0x0000235a       0x29 ./Src/main.o
 .debug_macro   0x00002383       0x16 ./Src/main.o
 .debug_macro   0x00002399       0x20 ./Src/main.o
 .debug_macro   0x000023b9       0x7c ./Src/main.o
 .debug_macro   0x00002435      0x106 ./Src/main.o
 .debug_macro   0x0000253b       0x16 ./Src/main.o
 .debug_macro   0x00002551      0x1d9 ./drivers/src/stm32l4xx_gpio_driver.o
 .debug_macro   0x0000272a       0xc4 ./drivers/src/stm32l4xx_gpio_driver.o
 .debug_macro   0x000027ee      0x1e1 ./drivers/src/stm32l4xx_systick_driver.o

.debug_line     0x00000000     0x1a7f
 .debug_line    0x00000000      0x6b5 ./Src/main.o
 .debug_line    0x000006b5       0x7b ./Startup/startup_stm32l476rgtx.o
 .debug_line    0x00000730      0xc51 ./drivers/src/stm32l4xx_gpio_driver.o
 .debug_line    0x00001381      0x6fe ./drivers/src/stm32l4xx_systick_driver.o

.debug_str      0x00000000     0xa4cf
 .debug_str     0x00000000     0xa4cf ./Src/main.o
                               0xa2fc (size before relaxing)
 .debug_str     0x0000a4cf       0x79 ./Startup/startup_stm32l476rgtx.o
 .debug_str     0x0000a4cf     0xa601 ./drivers/src/stm32l4xx_gpio_driver.o
 .debug_str     0x0000a4cf     0xa246 ./drivers/src/stm32l4xx_systick_driver.o

.comment        0x00000000       0x43
 .comment       0x00000000       0x43 ./Src/main.o
                                 0x44 (size before relaxing)
 .comment       0x00000043       0x44 ./drivers/src/stm32l4xx_gpio_driver.o
 .comment       0x00000043       0x44 ./drivers/src/stm32l4xx_systick_driver.o

.debug_frame    0x00000000      0x27c
 .debug_frame   0x00000000       0x30 ./Src/main.o
 .debug_frame   0x00000030      0x1c8 ./drivers/src/stm32l4xx_gpio_driver.o
 .debug_frame   0x000001f8       0x38 ./drivers/src/stm32l4xx_systick_driver.o
 .debug_frame   0x00000230       0x20 C:/ST/STM32CubeIDE_1.19.0/STM32CubeIDE/plugins/com.st.stm32cube.ide.mcu.externaltools.gnu-tools-for-stm32.13.3.rel1.win32_1.0.0.202411081344/tools/bin/../lib/gcc/arm-none-eabi/13.3.1/../../../../arm-none-eabi/lib/thumb/v7e-m/nofp\libc_nano.a(libc_a-memset.o)
 .debug_frame   0x00000250       0x2c C:/ST/STM32CubeIDE_1.19.0/STM32CubeIDE/plugins/com.st.stm32cube.ide.mcu.externaltools.gnu-tools-for-stm32.13.3.rel1.win32_1.0.0.202411081344/tools/bin/../lib/gcc/arm-none-eabi/13.3.1/../../../../arm-none-eabi/lib/thumb/v7e-m/nofp\libc_nano.a(libc_a-init.o)

.debug_line_str
                0x00000000       0x5d
 .debug_line_str
                0x00000000       0x5d ./Startup/startup_stm32l476rgtx.o
