../Core/Src/main.c:18:6:delay	16	static
../Core/Src/main.c:24:6:uart_print	16	static
../Core/Src/main.c:29:6:uart_readline	24	static
../Core/Src/main.c:46:6:stepper_set_rpm	16	static
../Core/Src/main.c:51:6:stepper_half_drive	56	static
../Core/Src/main.c:117:6:stepper_step_angle	144	static
../Core/Src/main.c:142:6:Stepper_rotate	112	static
../Core/Src/main.c:162:5:main	32	static
../Core/Src/main.c:190:6:SystemClock_Config	96	static
../Core/Src/main.c:224:13:MX_TIM1_Init	40	static
../Core/Src/main.c:250:13:MX_USART2_UART_Init	8	static
../Core/Src/main.c:266:13:MX_GPIO_Init	48	static
../Core/Src/main.c:297:6:Error_Handler	4	static,ignoring_inline_asm
